{
  "HttpStatusCode": "PreconditionFailed",
  "Message": "Precondition Failed",
  "Errors": null
}
