{
  "saved": [
    {
      "HttpStatusCode": "FailedDependency",
      "ReadResult": null
    },
    {
      "HttpStatusCode": "PreconditionFailed",
      "ReadResult": null
    }
  ],
  "read": [
    {
      "Item": {
        "Id": "3107d2ff-9f33-4718-b180-f7b65223fba8",
        "PartitionKey": "90eabddb-a71a-4ccb-aa1a-062590597fb2",
        "TypeName": "test-item",
        "CreatedDate": "2025-01-10T16:27:04.21853Z",
        "UpdatedDate": "2025-01-10T16:27:04.21853Z",
        "DeletedDate": null,
        "IsDeleted": null,
        "ETag": "\"6805ef3d-0000-0300-0000-67814a580000\"",
        "Message": "Message #1"
      }
    },
    {
      "Item": {
        "Id": "5f969f1c-c115-4982-949b-4e4987197dfe",
        "PartitionKey": "90eabddb-a71a-4ccb-aa1a-062590597fb2",
        "TypeName": "test-item",
        "CreatedDate": "2025-01-10T16:27:04.218578Z",
        "UpdatedDate": "2025-01-10T16:27:04.337499Z",
        "DeletedDate": null,
        "IsDeleted": null,
        "ETag": "\"68051b3e-0000-0300-0000-67814a580000\"",
        "Message": "Message #0"
      }
    }
  ]
}
