{
  "saved": [
    {
      "HttpStatusCode": "FailedDependency",
      "ReadResult": null
    },
    {
      "HttpStatusCode": "Conflict",
      "ReadResult": null
    }
  ],
  "read": [
    {
      "Item": {
        "Id": "a0ac8a58-2d76-40d2-9f14-1dd5543e8429",
        "PartitionKey": "ae9d5360-1e01-480a-9465-4da82ee882b7",
        "TypeName": "test-item",
        "CreatedDate": "2025-01-10T16:27:01.326549Z",
        "UpdatedDate": "2025-01-10T16:27:01.326549Z",
        "DeletedDate": null,
        "IsDeleted": null,
        "ETag": "\"6805803c-0000-0300-0000-67814a550000\"",
        "Message": "Message #0"
      }
    }
  ]
}
