[
  {
    "Item": {
      "Id": "7085cc13-8505-47cd-ba22-f3577ded1a62",
      "PartitionKey": "ed2ec082-d4c9-47b1-abc4-ff2ca62724f9",
      "TypeName": "test-item",
      "CreatedDate": "2025-01-04T03:32:41.191196Z",
      "UpdatedDate": "2025-01-04T03:32:41.191196Z",
      "DeletedDate": null,
      "IsDeleted": null,
      "ETag": "8bcb52d2-1e19-4512-aba3-02c0727028c1",
      "Message": "Message #1"
    }
  },
  {
    "Item": {
      "Id": "9370db1c-3ccf-4904-bbae-3e4b99c08aff",
      "PartitionKey": "dcaec527-552c-40b9-8edb-97af1624d4a5",
      "TypeName": "test-item",
      "CreatedDate": "2025-01-04T03:32:41.191349Z",
      "UpdatedDate": "2025-01-04T03:32:41.191349Z",
      "DeletedDate": null,
      "IsDeleted": null,
      "ETag": "b97cb9fc-f891-4b87-b804-b38156666730",
      "Message": "Message #2"
    }
  }
]
