[
  {
    "Item": {
      "Id": "fa234778-b67f-4bce-a71d-d8ddf147952f",
      "PartitionKey": "36539246-418b-4db1-840b-668b6a276148",
      "TypeName": "test-item",
      "CreatedDate": "2025-01-04T03:32:41.424574Z",
      "UpdatedDate": "2025-01-04T03:32:41.424574Z",
      "DeletedDate": null,
      "IsDeleted": null,
      "ETag": "6d847018-b907-41d0-84fb-397bb73fbe56",
      "Message": "Message #1"
    }
  }
]
