{
  "saved": [
    {
      "HttpStatusCode": "FailedDependency",
      "ReadResult": null
    },
    {
      "HttpStatusCode": "Conflict",
      "ReadResult": null
    }
  ],
  "read": [
    {
      "Item": {
        "Id": "0ffc3bd2-b33f-4902-a4bf-b804d8aa01e9",
        "PartitionKey": "c25361d6-3d14-452d-a99d-22ef7c85d70e",
        "TypeName": "test-item",
        "CreatedDate": "2025-01-10T16:17:48.896004Z",
        "UpdatedDate": "2025-01-10T16:17:48.896004Z",
        "DeletedDate": null,
        "IsDeleted": null,
        "ETag": "3d892e77-83da-4b34-b741-15d5cd285512",
        "Message": "Message #1"
      }
    }
  ]
}
