{
  "Item": {
    "Id": "a8cf4bc4-745a-471c-8fb1-5d4e124bbde2",
    "PartitionKey": "2b541bfd-4605-48f9-b1bc-5aba5f64cd24",
    "TypeName": "test-item",
    "CreatedDate": "2025-01-07T00:54:42.113127Z",
    "UpdatedDate": "2025-01-07T00:54:42.113127Z",
    "DeletedDate": null,
    "IsDeleted": null,
    "ETag": "57c8d5d5-f6d0-49fe-b55f-4e59f872ced4",
    "Message": "Message #1"
  }
}
