{
  "HttpStatusCode": "Conflict",
  "Message": "Conflict",
  "Errors": null
}
