{
  "HttpStatusCode": "UnprocessableEntity",
  "Message": "The Trelnex.Core.Data.Tests.Commands.TestItem' is not valid.",
  "Errors": {
    "PrivateMessage": [
      "'Private Message' must not be empty."
    ],
    "PublicMessage": [
      "'Public Message' must not be empty."
    ]
  }
}
